// Jest Snapshot v1, https://goo.gl/fbAQLP

exports[`Home Component should render and match snapshot 1`] = `
Object {
  "asFragment": [Function],
  "baseElement": <body>
    <div>
      <div>
        <div
          data-testid="nav"
        >
          Navigation
        </div>
        <div
          class="container"
        >
          <div
            class="row justify-content-center"
          >
            <div
              class="col-4"
            >
              <button
                disabled=""
              >
                Unanswered questions (
                1
                )
              </button>
              <ul
                class="unanswered-questions-list"
              >
                <a
                  data-discover="true"
                  href="/questions/6ni6ok3ym7mf1p33lnez"
                >
                  <div
                    data-testid="question-6ni6ok3ym7mf1p33lnez"
                  >
                    become a superhero
                  </div>
                </a>
              </ul>
            </div>
            <div
              class="col-4"
            >
              <button>
                Answered questions (
                1
                )
              </button>
              <ul
                class="answered-questions-list"
                hidden=""
              >
                <a
                  data-discover="true"
                  href="/questions/8xf0y6ziyjabvozdd253nd"
                >
                  <div
                    data-testid="question-8xf0y6ziyjabvozdd253nd"
                  >
                    have horrible short term memory
                  </div>
                </a>
              </ul>
            </div>
          </div>
        </div>
      </div>
    </div>
  </body>,
  "container": <div>
    <div>
      <div
        data-testid="nav"
      >
        Navigation
      </div>
      <div
        class="container"
      >
        <div
          class="row justify-content-center"
        >
          <div
            class="col-4"
          >
            <button
              disabled=""
            >
              Unanswered questions (
              1
              )
            </button>
            <ul
              class="unanswered-questions-list"
            >
              <a
                data-discover="true"
                href="/questions/6ni6ok3ym7mf1p33lnez"
              >
                <div
                  data-testid="question-6ni6ok3ym7mf1p33lnez"
                >
                  become a superhero
                </div>
              </a>
            </ul>
          </div>
          <div
            class="col-4"
          >
            <button>
              Answered questions (
              1
              )
            </button>
            <ul
              class="answered-questions-list"
              hidden=""
            >
              <a
                data-discover="true"
                href="/questions/8xf0y6ziyjabvozdd253nd"
              >
                <div
                  data-testid="question-8xf0y6ziyjabvozdd253nd"
                >
                  have horrible short term memory
                </div>
              </a>
            </ul>
          </div>
        </div>
      </div>
    </div>
  </div>,
  "debug": [Function],
  "findAllByAltText": [Function],
  "findAllByDisplayValue": [Function],
  "findAllByLabelText": [Function],
  "findAllByPlaceholderText": [Function],
  "findAllByRole": [Function],
  "findAllByTestId": [Function],
  "findAllByText": [Function],
  "findAllByTitle": [Function],
  "findByAltText": [Function],
  "findByDisplayValue": [Function],
  "findByLabelText": [Function],
  "findByPlaceholderText": [Function],
  "findByRole": [Function],
  "findByTestId": [Function],
  "findByText": [Function],
  "findByTitle": [Function],
  "getAllByAltText": [Function],
  "getAllByDisplayValue": [Function],
  "getAllByLabelText": [Function],
  "getAllByPlaceholderText": [Function],
  "getAllByRole": [Function],
  "getAllByTestId": [Function],
  "getAllByText": [Function],
  "getAllByTitle": [Function],
  "getByAltText": [Function],
  "getByDisplayValue": [Function],
  "getByLabelText": [Function],
  "getByPlaceholderText": [Function],
  "getByRole": [Function],
  "getByTestId": [Function],
  "getByText": [Function],
  "getByTitle": [Function],
  "queryAllByAltText": [Function],
  "queryAllByDisplayValue": [Function],
  "queryAllByLabelText": [Function],
  "queryAllByPlaceholderText": [Function],
  "queryAllByRole": [Function],
  "queryAllByTestId": [Function],
  "queryAllByText": [Function],
  "queryAllByTitle": [Function],
  "queryByAltText": [Function],
  "queryByDisplayValue": [Function],
  "queryByLabelText": [Function],
  "queryByPlaceholderText": [Function],
  "queryByRole": [Function],
  "queryByTestId": [Function],
  "queryByText": [Function],
  "queryByTitle": [Function],
  "rerender": [Function],
  "unmount": [Function],
}
`;
