// Jest Snapshot v1, https://goo.gl/fbAQLP

exports[`NewPoll should render and display all elements 1`] = `
Object {
  "asFragment": [Function],
  "baseElement": <body>
    <div>
      <div>
        <div
          class="container"
        >
          <nav
            class="navbar navbar-expand-lg navbar-light bg-light"
          >
            <div
              class="container-fluid"
            >
              <a
                class="nav-link"
                href="/"
              >
                <img
                  alt=""
                  height="30"
                  loading="lazy"
                  src="/logo192.png"
                />
              </a>
              <button
                aria-controls="navbarSupportedContent"
                aria-expanded="false"
                aria-label="Toggle navigation"
                class="navbar-toggler"
                data-bs-target="#navbarSupportedContent"
                data-bs-toggle="collapse"
                type="button"
              >
                <i
                  class="fas fa-bars"
                />
              </button>
              <div
                class="collapse navbar-collapse"
                id="navbarSupportedContent"
              >
                <ul
                  class="navbar-nav me-auto mb-2 mb-lg-0"
                >
                  <li
                    class="nav-item"
                  >
                    <a
                      class="nav-link"
                      href="/"
                    >
                      Home
                    </a>
                  </li>
                  <li
                    class="nav-item"
                  >
                    <a
                      class="nav-link"
                      href="/leaderboard"
                    >
                      Leaderboard
                    </a>
                  </li>
                  <li
                    class="nav-item"
                  >
                    <a
                      class="nav-link"
                      href="/add"
                    >
                      New
                    </a>
                  </li>
                </ul>
                <div
                  data-testid="loggedUserName"
                  id="loggedUserName"
                >
                  Login -&gt;
                </div>
                <ul
                  class="navbar-nav mb-2 mb-lg-0"
                >
                  <li
                    class="nav-item dropdown"
                  >
                    <a
                      aria-expanded="false"
                      class="nav-link dropdown-toggle"
                      data-bs-toggle="dropdown"
                      data-testid="navbarDropdown"
                      href="#"
                      id="navbarDropdown"
                      role="button"
                    >
                      <img
                        class="rounded-circle img-fluid"
                        height="25"
                        id="authedUserAvatar"
                        src="/login192.png"
                        width="25"
                      />
                    </a>
                    <ul
                      aria-labelledby="navbarDropdown"
                      class="dropdown-menu dropdown-menu-end p-1"
                    >
                      <li>
                        <hr
                          class="dropdown-divider"
                        />
                      </li>
                      <li>
                        <a
                          class="nav-link"
                          to="#"
                        >
                          Log Out
                        </a>
                      </li>
                    </ul>
                  </li>
                </ul>
              </div>
            </div>
          </nav>
        </div>
        <div
          class="container"
        >
          <h1>
            New Poll
          </h1>
          <form>
            <div>
              <label
                data-testid="firstOptionLabel"
              >
                First Option
              </label>
              <div
                class="mt-1"
              >
                <input
                  data-testid="firstOption"
                  id="firstOption"
                  name="firstOption"
                  type="text"
                  value=""
                />
              </div>
            </div>
            <div>
              <label
                data-testid="secondOptionLabel"
              >
                Second Option
              </label>
              <div>
                <input
                  data-testid="secondOption"
                  id="secondOption"
                  name="secondOption"
                  type="text"
                  value=""
                />
              </div>
            </div>
            <div>
              <button
                data-testid="submit-poll"
                type="submit"
              >
                Submit
              </button>
            </div>
          </form>
        </div>
      </div>
    </div>
  </body>,
  "container": <div>
    <div>
      <div
        class="container"
      >
        <nav
          class="navbar navbar-expand-lg navbar-light bg-light"
        >
          <div
            class="container-fluid"
          >
            <a
              class="nav-link"
              href="/"
            >
              <img
                alt=""
                height="30"
                loading="lazy"
                src="/logo192.png"
              />
            </a>
            <button
              aria-controls="navbarSupportedContent"
              aria-expanded="false"
              aria-label="Toggle navigation"
              class="navbar-toggler"
              data-bs-target="#navbarSupportedContent"
              data-bs-toggle="collapse"
              type="button"
            >
              <i
                class="fas fa-bars"
              />
            </button>
            <div
              class="collapse navbar-collapse"
              id="navbarSupportedContent"
            >
              <ul
                class="navbar-nav me-auto mb-2 mb-lg-0"
              >
                <li
                  class="nav-item"
                >
                  <a
                    class="nav-link"
                    href="/"
                  >
                    Home
                  </a>
                </li>
                <li
                  class="nav-item"
                >
                  <a
                    class="nav-link"
                    href="/leaderboard"
                  >
                    Leaderboard
                  </a>
                </li>
                <li
                  class="nav-item"
                >
                  <a
                    class="nav-link"
                    href="/add"
                  >
                    New
                  </a>
                </li>
              </ul>
              <div
                data-testid="loggedUserName"
                id="loggedUserName"
              >
                Login -&gt;
              </div>
              <ul
                class="navbar-nav mb-2 mb-lg-0"
              >
                <li
                  class="nav-item dropdown"
                >
                  <a
                    aria-expanded="false"
                    class="nav-link dropdown-toggle"
                    data-bs-toggle="dropdown"
                    data-testid="navbarDropdown"
                    href="#"
                    id="navbarDropdown"
                    role="button"
                  >
                    <img
                      class="rounded-circle img-fluid"
                      height="25"
                      id="authedUserAvatar"
                      src="/login192.png"
                      width="25"
                    />
                  </a>
                  <ul
                    aria-labelledby="navbarDropdown"
                    class="dropdown-menu dropdown-menu-end p-1"
                  >
                    <li>
                      <hr
                        class="dropdown-divider"
                      />
                    </li>
                    <li>
                      <a
                        class="nav-link"
                        to="#"
                      >
                        Log Out
                      </a>
                    </li>
                  </ul>
                </li>
              </ul>
            </div>
          </div>
        </nav>
      </div>
      <div
        class="container"
      >
        <h1>
          New Poll
        </h1>
        <form>
          <div>
            <label
              data-testid="firstOptionLabel"
            >
              First Option
            </label>
            <div
              class="mt-1"
            >
              <input
                data-testid="firstOption"
                id="firstOption"
                name="firstOption"
                type="text"
                value=""
              />
            </div>
          </div>
          <div>
            <label
              data-testid="secondOptionLabel"
            >
              Second Option
            </label>
            <div>
              <input
                data-testid="secondOption"
                id="secondOption"
                name="secondOption"
                type="text"
                value=""
              />
            </div>
          </div>
          <div>
            <button
              data-testid="submit-poll"
              type="submit"
            >
              Submit
            </button>
          </div>
        </form>
      </div>
    </div>
  </div>,
  "debug": [Function],
  "findAllByAltText": [Function],
  "findAllByDisplayValue": [Function],
  "findAllByLabelText": [Function],
  "findAllByPlaceholderText": [Function],
  "findAllByRole": [Function],
  "findAllByTestId": [Function],
  "findAllByText": [Function],
  "findAllByTitle": [Function],
  "findByAltText": [Function],
  "findByDisplayValue": [Function],
  "findByLabelText": [Function],
  "findByPlaceholderText": [Function],
  "findByRole": [Function],
  "findByTestId": [Function],
  "findByText": [Function],
  "findByTitle": [Function],
  "getAllByAltText": [Function],
  "getAllByDisplayValue": [Function],
  "getAllByLabelText": [Function],
  "getAllByPlaceholderText": [Function],
  "getAllByRole": [Function],
  "getAllByTestId": [Function],
  "getAllByText": [Function],
  "getAllByTitle": [Function],
  "getByAltText": [Function],
  "getByDisplayValue": [Function],
  "getByLabelText": [Function],
  "getByPlaceholderText": [Function],
  "getByRole": [Function],
  "getByTestId": [Function],
  "getByText": [Function],
  "getByTitle": [Function],
  "queryAllByAltText": [Function],
  "queryAllByDisplayValue": [Function],
  "queryAllByLabelText": [Function],
  "queryAllByPlaceholderText": [Function],
  "queryAllByRole": [Function],
  "queryAllByTestId": [Function],
  "queryAllByText": [Function],
  "queryAllByTitle": [Function],
  "queryByAltText": [Function],
  "queryByDisplayValue": [Function],
  "queryByLabelText": [Function],
  "queryByPlaceholderText": [Function],
  "queryByRole": [Function],
  "queryByTestId": [Function],
  "queryByText": [Function],
  "queryByTitle": [Function],
  "rerender": [Function],
  "unmount": [Function],
}
`;

exports[`NewPoll should render and match snapshot 1`] = `
Object {
  "asFragment": [Function],
  "baseElement": <body>
    <div>
      <div>
        <div
          class="container"
        >
          <nav
            class="navbar navbar-expand-lg navbar-light bg-light"
          >
            <div
              class="container-fluid"
            >
              <a
                class="nav-link"
                href="/"
              >
                <img
                  alt=""
                  height="30"
                  loading="lazy"
                  src="/logo192.png"
                />
              </a>
              <button
                aria-controls="navbarSupportedContent"
                aria-expanded="false"
                aria-label="Toggle navigation"
                class="navbar-toggler"
                data-bs-target="#navbarSupportedContent"
                data-bs-toggle="collapse"
                type="button"
              >
                <i
                  class="fas fa-bars"
                />
              </button>
              <div
                class="collapse navbar-collapse"
                id="navbarSupportedContent"
              >
                <ul
                  class="navbar-nav me-auto mb-2 mb-lg-0"
                >
                  <li
                    class="nav-item"
                  >
                    <a
                      class="nav-link"
                      href="/"
                    >
                      Home
                    </a>
                  </li>
                  <li
                    class="nav-item"
                  >
                    <a
                      class="nav-link"
                      href="/leaderboard"
                    >
                      Leaderboard
                    </a>
                  </li>
                  <li
                    class="nav-item"
                  >
                    <a
                      class="nav-link"
                      href="/add"
                    >
                      New
                    </a>
                  </li>
                </ul>
                <div
                  data-testid="loggedUserName"
                  id="loggedUserName"
                >
                  Login -&gt;
                </div>
                <ul
                  class="navbar-nav mb-2 mb-lg-0"
                >
                  <li
                    class="nav-item dropdown"
                  >
                    <a
                      aria-expanded="false"
                      class="nav-link dropdown-toggle"
                      data-bs-toggle="dropdown"
                      data-testid="navbarDropdown"
                      href="#"
                      id="navbarDropdown"
                      role="button"
                    >
                      <img
                        class="rounded-circle img-fluid"
                        height="25"
                        id="authedUserAvatar"
                        src="/login192.png"
                        width="25"
                      />
                    </a>
                    <ul
                      aria-labelledby="navbarDropdown"
                      class="dropdown-menu dropdown-menu-end p-1"
                    >
                      <li>
                        <hr
                          class="dropdown-divider"
                        />
                      </li>
                      <li>
                        <a
                          class="nav-link"
                          to="#"
                        >
                          Log Out
                        </a>
                      </li>
                    </ul>
                  </li>
                </ul>
              </div>
            </div>
          </nav>
        </div>
        <div
          class="container"
        >
          <h1>
            New Poll
          </h1>
          <form>
            <div>
              <label
                data-testid="firstOptionLabel"
              >
                First Option
              </label>
              <div
                class="mt-1"
              >
                <input
                  data-testid="firstOption"
                  id="firstOption"
                  name="firstOption"
                  type="text"
                  value=""
                />
              </div>
            </div>
            <div>
              <label
                data-testid="secondOptionLabel"
              >
                Second Option
              </label>
              <div>
                <input
                  data-testid="secondOption"
                  id="secondOption"
                  name="secondOption"
                  type="text"
                  value=""
                />
              </div>
            </div>
            <div>
              <button
                data-testid="submit-poll"
                type="submit"
              >
                Submit
              </button>
            </div>
          </form>
        </div>
      </div>
    </div>
  </body>,
  "container": <div>
    <div>
      <div
        class="container"
      >
        <nav
          class="navbar navbar-expand-lg navbar-light bg-light"
        >
          <div
            class="container-fluid"
          >
            <a
              class="nav-link"
              href="/"
            >
              <img
                alt=""
                height="30"
                loading="lazy"
                src="/logo192.png"
              />
            </a>
            <button
              aria-controls="navbarSupportedContent"
              aria-expanded="false"
              aria-label="Toggle navigation"
              class="navbar-toggler"
              data-bs-target="#navbarSupportedContent"
              data-bs-toggle="collapse"
              type="button"
            >
              <i
                class="fas fa-bars"
              />
            </button>
            <div
              class="collapse navbar-collapse"
              id="navbarSupportedContent"
            >
              <ul
                class="navbar-nav me-auto mb-2 mb-lg-0"
              >
                <li
                  class="nav-item"
                >
                  <a
                    class="nav-link"
                    href="/"
                  >
                    Home
                  </a>
                </li>
                <li
                  class="nav-item"
                >
                  <a
                    class="nav-link"
                    href="/leaderboard"
                  >
                    Leaderboard
                  </a>
                </li>
                <li
                  class="nav-item"
                >
                  <a
                    class="nav-link"
                    href="/add"
                  >
                    New
                  </a>
                </li>
              </ul>
              <div
                data-testid="loggedUserName"
                id="loggedUserName"
              >
                Login -&gt;
              </div>
              <ul
                class="navbar-nav mb-2 mb-lg-0"
              >
                <li
                  class="nav-item dropdown"
                >
                  <a
                    aria-expanded="false"
                    class="nav-link dropdown-toggle"
                    data-bs-toggle="dropdown"
                    data-testid="navbarDropdown"
                    href="#"
                    id="navbarDropdown"
                    role="button"
                  >
                    <img
                      class="rounded-circle img-fluid"
                      height="25"
                      id="authedUserAvatar"
                      src="/login192.png"
                      width="25"
                    />
                  </a>
                  <ul
                    aria-labelledby="navbarDropdown"
                    class="dropdown-menu dropdown-menu-end p-1"
                  >
                    <li>
                      <hr
                        class="dropdown-divider"
                      />
                    </li>
                    <li>
                      <a
                        class="nav-link"
                        to="#"
                      >
                        Log Out
                      </a>
                    </li>
                  </ul>
                </li>
              </ul>
            </div>
          </div>
        </nav>
      </div>
      <div
        class="container"
      >
        <h1>
          New Poll
        </h1>
        <form>
          <div>
            <label
              data-testid="firstOptionLabel"
            >
              First Option
            </label>
            <div
              class="mt-1"
            >
              <input
                data-testid="firstOption"
                id="firstOption"
                name="firstOption"
                type="text"
                value=""
              />
            </div>
          </div>
          <div>
            <label
              data-testid="secondOptionLabel"
            >
              Second Option
            </label>
            <div>
              <input
                data-testid="secondOption"
                id="secondOption"
                name="secondOption"
                type="text"
                value=""
              />
            </div>
          </div>
          <div>
            <button
              data-testid="submit-poll"
              type="submit"
            >
              Submit
            </button>
          </div>
        </form>
      </div>
    </div>
  </div>,
  "debug": [Function],
  "findAllByAltText": [Function],
  "findAllByDisplayValue": [Function],
  "findAllByLabelText": [Function],
  "findAllByPlaceholderText": [Function],
  "findAllByRole": [Function],
  "findAllByTestId": [Function],
  "findAllByText": [Function],
  "findAllByTitle": [Function],
  "findByAltText": [Function],
  "findByDisplayValue": [Function],
  "findByLabelText": [Function],
  "findByPlaceholderText": [Function],
  "findByRole": [Function],
  "findByTestId": [Function],
  "findByText": [Function],
  "findByTitle": [Function],
  "getAllByAltText": [Function],
  "getAllByDisplayValue": [Function],
  "getAllByLabelText": [Function],
  "getAllByPlaceholderText": [Function],
  "getAllByRole": [Function],
  "getAllByTestId": [Function],
  "getAllByText": [Function],
  "getAllByTitle": [Function],
  "getByAltText": [Function],
  "getByDisplayValue": [Function],
  "getByLabelText": [Function],
  "getByPlaceholderText": [Function],
  "getByRole": [Function],
  "getByTestId": [Function],
  "getByText": [Function],
  "getByTitle": [Function],
  "queryAllByAltText": [Function],
  "queryAllByDisplayValue": [Function],
  "queryAllByLabelText": [Function],
  "queryAllByPlaceholderText": [Function],
  "queryAllByRole": [Function],
  "queryAllByTestId": [Function],
  "queryAllByText": [Function],
  "queryAllByTitle": [Function],
  "queryByAltText": [Function],
  "queryByDisplayValue": [Function],
  "queryByLabelText": [Function],
  "queryByPlaceholderText": [Function],
  "queryByRole": [Function],
  "queryByTestId": [Function],
  "queryByText": [Function],
  "queryByTitle": [Function],
  "rerender": [Function],
  "unmount": [Function],
}
`;

exports[`NewPoll should render the NewPoll 1`] = `
Object {
  "asFragment": [Function],
  "baseElement": <body>
    <div>
      <div>
        <div
          class="container"
        >
          <nav
            class="navbar navbar-expand-lg navbar-light bg-light"
          >
            <div
              class="container-fluid"
            >
              <a
                class="nav-link"
                href="/"
              >
                <img
                  alt=""
                  height="30"
                  loading="lazy"
                  src="/logo192.png"
                />
              </a>
              <button
                aria-controls="navbarSupportedContent"
                aria-expanded="false"
                aria-label="Toggle navigation"
                class="navbar-toggler"
                data-bs-target="#navbarSupportedContent"
                data-bs-toggle="collapse"
                type="button"
              >
                <i
                  class="fas fa-bars"
                />
              </button>
              <div
                class="collapse navbar-collapse"
                id="navbarSupportedContent"
              >
                <ul
                  class="navbar-nav me-auto mb-2 mb-lg-0"
                >
                  <li
                    class="nav-item"
                  >
                    <a
                      class="nav-link"
                      href="/"
                    >
                      Home
                    </a>
                  </li>
                  <li
                    class="nav-item"
                  >
                    <a
                      class="nav-link"
                      href="/leaderboard"
                    >
                      Leaderboard
                    </a>
                  </li>
                  <li
                    class="nav-item"
                  >
                    <a
                      class="nav-link"
                      href="/add"
                    >
                      New
                    </a>
                  </li>
                </ul>
                <div
                  data-testid="loggedUserName"
                  id="loggedUserName"
                >
                  Login -&gt;
                </div>
                <ul
                  class="navbar-nav mb-2 mb-lg-0"
                >
                  <li
                    class="nav-item dropdown"
                  >
                    <a
                      aria-expanded="false"
                      class="nav-link dropdown-toggle"
                      data-bs-toggle="dropdown"
                      data-testid="navbarDropdown"
                      href="#"
                      id="navbarDropdown"
                      role="button"
                    >
                      <img
                        class="rounded-circle img-fluid"
                        height="25"
                        id="authedUserAvatar"
                        src="/login192.png"
                        width="25"
                      />
                    </a>
                    <ul
                      aria-labelledby="navbarDropdown"
                      class="dropdown-menu dropdown-menu-end p-1"
                    >
                      <li>
                        <hr
                          class="dropdown-divider"
                        />
                      </li>
                      <li>
                        <a
                          class="nav-link"
                          to="#"
                        >
                          Log Out
                        </a>
                      </li>
                    </ul>
                  </li>
                </ul>
              </div>
            </div>
          </nav>
        </div>
        <div
          class="container"
        >
          <h1>
            New Poll
          </h1>
          <form>
            <div>
              <label
                data-testid="firstOptionLabel"
              >
                First Option
              </label>
              <div
                class="mt-1"
              >
                <input
                  data-testid="firstOption"
                  id="firstOption"
                  name="firstOption"
                  type="text"
                  value=""
                />
              </div>
            </div>
            <div>
              <label
                data-testid="secondOptionLabel"
              >
                Second Option
              </label>
              <div>
                <input
                  data-testid="secondOption"
                  id="secondOption"
                  name="secondOption"
                  type="text"
                  value=""
                />
              </div>
            </div>
            <div>
              <button
                data-testid="submit-poll"
                type="submit"
              >
                Submit
              </button>
            </div>
          </form>
        </div>
      </div>
    </div>
  </body>,
  "container": <div>
    <div>
      <div
        class="container"
      >
        <nav
          class="navbar navbar-expand-lg navbar-light bg-light"
        >
          <div
            class="container-fluid"
          >
            <a
              class="nav-link"
              href="/"
            >
              <img
                alt=""
                height="30"
                loading="lazy"
                src="/logo192.png"
              />
            </a>
            <button
              aria-controls="navbarSupportedContent"
              aria-expanded="false"
              aria-label="Toggle navigation"
              class="navbar-toggler"
              data-bs-target="#navbarSupportedContent"
              data-bs-toggle="collapse"
              type="button"
            >
              <i
                class="fas fa-bars"
              />
            </button>
            <div
              class="collapse navbar-collapse"
              id="navbarSupportedContent"
            >
              <ul
                class="navbar-nav me-auto mb-2 mb-lg-0"
              >
                <li
                  class="nav-item"
                >
                  <a
                    class="nav-link"
                    href="/"
                  >
                    Home
                  </a>
                </li>
                <li
                  class="nav-item"
                >
                  <a
                    class="nav-link"
                    href="/leaderboard"
                  >
                    Leaderboard
                  </a>
                </li>
                <li
                  class="nav-item"
                >
                  <a
                    class="nav-link"
                    href="/add"
                  >
                    New
                  </a>
                </li>
              </ul>
              <div
                data-testid="loggedUserName"
                id="loggedUserName"
              >
                Login -&gt;
              </div>
              <ul
                class="navbar-nav mb-2 mb-lg-0"
              >
                <li
                  class="nav-item dropdown"
                >
                  <a
                    aria-expanded="false"
                    class="nav-link dropdown-toggle"
                    data-bs-toggle="dropdown"
                    data-testid="navbarDropdown"
                    href="#"
                    id="navbarDropdown"
                    role="button"
                  >
                    <img
                      class="rounded-circle img-fluid"
                      height="25"
                      id="authedUserAvatar"
                      src="/login192.png"
                      width="25"
                    />
                  </a>
                  <ul
                    aria-labelledby="navbarDropdown"
                    class="dropdown-menu dropdown-menu-end p-1"
                  >
                    <li>
                      <hr
                        class="dropdown-divider"
                      />
                    </li>
                    <li>
                      <a
                        class="nav-link"
                        to="#"
                      >
                        Log Out
                      </a>
                    </li>
                  </ul>
                </li>
              </ul>
            </div>
          </div>
        </nav>
      </div>
      <div
        class="container"
      >
        <h1>
          New Poll
        </h1>
        <form>
          <div>
            <label
              data-testid="firstOptionLabel"
            >
              First Option
            </label>
            <div
              class="mt-1"
            >
              <input
                data-testid="firstOption"
                id="firstOption"
                name="firstOption"
                type="text"
                value=""
              />
            </div>
          </div>
          <div>
            <label
              data-testid="secondOptionLabel"
            >
              Second Option
            </label>
            <div>
              <input
                data-testid="secondOption"
                id="secondOption"
                name="secondOption"
                type="text"
                value=""
              />
            </div>
          </div>
          <div>
            <button
              data-testid="submit-poll"
              type="submit"
            >
              Submit
            </button>
          </div>
        </form>
      </div>
    </div>
  </div>,
  "debug": [Function],
  "findAllByAltText": [Function],
  "findAllByDisplayValue": [Function],
  "findAllByLabelText": [Function],
  "findAllByPlaceholderText": [Function],
  "findAllByRole": [Function],
  "findAllByTestId": [Function],
  "findAllByText": [Function],
  "findAllByTitle": [Function],
  "findByAltText": [Function],
  "findByDisplayValue": [Function],
  "findByLabelText": [Function],
  "findByPlaceholderText": [Function],
  "findByRole": [Function],
  "findByTestId": [Function],
  "findByText": [Function],
  "findByTitle": [Function],
  "getAllByAltText": [Function],
  "getAllByDisplayValue": [Function],
  "getAllByLabelText": [Function],
  "getAllByPlaceholderText": [Function],
  "getAllByRole": [Function],
  "getAllByTestId": [Function],
  "getAllByText": [Function],
  "getAllByTitle": [Function],
  "getByAltText": [Function],
  "getByDisplayValue": [Function],
  "getByLabelText": [Function],
  "getByPlaceholderText": [Function],
  "getByRole": [Function],
  "getByTestId": [Function],
  "getByText": [Function],
  "getByTitle": [Function],
  "queryAllByAltText": [Function],
  "queryAllByDisplayValue": [Function],
  "queryAllByLabelText": [Function],
  "queryAllByPlaceholderText": [Function],
  "queryAllByRole": [Function],
  "queryAllByTestId": [Function],
  "queryAllByText": [Function],
  "queryAllByTitle": [Function],
  "queryByAltText": [Function],
  "queryByDisplayValue": [Function],
  "queryByLabelText": [Function],
  "queryByPlaceholderText": [Function],
  "queryByRole": [Function],
  "queryByTestId": [Function],
  "queryByText": [Function],
  "queryByTitle": [Function],
  "rerender": [Function],
  "unmount": [Function],
}
`;
